{"clean_patch_apply": true, "verified_changed_paths": 34, "syntax_checked_python_files": 33}
test_actual_shard_loader_reversed_pairs_late_global_scale (test_integration.IntegrationTests.test_actual_shard_loader_reversed_pairs_late_global_scale) ... ok
test_gather_normalizes_strided_ids_before_either_kernel (test_integration.IntegrationTests.test_gather_normalizes_strided_ids_before_either_kernel) ... ok
test_gather_rejects_noncontiguous_output_before_launch (test_integration.IntegrationTests.test_gather_rejects_noncontiguous_output_before_launch) ... ok
test_loader_finalization_rejects_wrong_configured_shard_count (test_integration.IntegrationTests.test_loader_finalization_rejects_wrong_configured_shard_count) ... ok
test_opt_in_constructs_only_meta_table_and_keeps_default_unchanged (test_integration.IntegrationTests.test_opt_in_constructs_only_meta_table_and_keeps_default_unchanged) ... ok
test_packed_loader_rejects_malformed_shards_before_buffering (test_integration.IntegrationTests.test_packed_loader_rejects_malformed_shards_before_buffering) ... ok
test_packed_loader_requires_complete_tp1_global_layout (test_integration.IntegrationTests.test_packed_loader_requires_complete_tp1_global_layout) ... ok
test_packed_loader_requires_exactly_128_complete_shard_pairs (test_integration.IntegrationTests.test_packed_loader_requires_exactly_128_complete_shard_pairs) ... ok
test_pinned_class_constructs_packed_and_gathers_to_prefetch_output (test_integration.IntegrationTests.test_pinned_class_constructs_packed_and_gathers_to_prefetch_output) ... ok
test_synthetic_128_shard_shapes_pass_source_validation (test_integration.IntegrationTests.test_synthetic_128_shard_shapes_pass_source_validation) ... ok
test_changed_runtime_hashes_match_manifest (test_packaging.PackagingTests.test_changed_runtime_hashes_match_manifest) ... ok
test_patch_path_coverage_is_exact (test_packaging.PackagingTests.test_patch_path_coverage_is_exact) ... ok
test_preimage_drift_is_rejected_before_patching (test_packaging.PackagingTests.test_preimage_drift_is_rejected_before_patching) ... ok
test_source_drift_is_rejected (test_packaging.PackagingTests.test_source_drift_is_rejected) ... ok
test_all_finite_positive_e4m3_scales_and_fp8_rounding_ties (test_packed_ple.PackedPLETests.test_all_finite_positive_e4m3_scales_and_fp8_rounding_ties) ... ok
test_kernel_all_nibbles_group_scales_global_and_row_selection (test_packed_ple.PackedPLETests.test_kernel_all_nibbles_group_scales_global_and_row_selection) ... ok
test_storage_rejects_changed_destination_bounds (test_packed_ple.PackedPLETests.test_storage_rejects_changed_destination_bounds) ... ok
test_storage_rejects_invalid_layout_scale_and_incomplete_load (test_packed_ple.PackedPLETests.test_storage_rejects_invalid_layout_scale_and_incomplete_load) ... ok
test_storage_retains_bytes_copies_overlap_and_preserves_global_scale (test_packed_ple.PackedPLETests.test_storage_retains_bytes_copies_overlap_and_preserves_global_scale) ... ok
test_synthetic_row_selection_and_optional_fp8_reference (test_packed_ple.PackedPLETests.test_synthetic_row_selection_and_optional_fp8_reference) ... ok
test_both_ranks_64_local_128_global_and_padding (test_tp2.TP2Tests.test_both_ranks_64_local_128_global_and_padding) ... ok
test_constructor_allocates_only_local_padded_bytes (test_tp2.TP2Tests.test_constructor_allocates_only_local_padded_bytes) ... ok
test_crossing_shard_simulated_sum_matches_tp1_and_reference (test_tp2.TP2Tests.test_crossing_shard_simulated_sum_matches_tp1_and_reference) ... ok
test_duplicate_completed_offrank_tensor_rejected_immediately (test_tp2.TP2Tests.test_duplicate_completed_offrank_tensor_rejected_immediately) ... ok
test_malformed_source_identifiers_are_not_silently_ignored (test_tp2.TP2Tests.test_malformed_source_identifiers_are_not_silently_ignored) ... ok
test_missing_half_and_duplicate_pending_offrank_rejected (test_tp2.TP2Tests.test_missing_half_and_duplicate_pending_offrank_rejected) ... ok
test_missing_nonintersecting_pair_fails_global_finalization (test_tp2.TP2Tests.test_missing_nonintersecting_pair_fails_global_finalization) ... ok
test_offrank_malformed_dtype_rejected_before_buffering (test_tp2.TP2Tests.test_offrank_malformed_dtype_rejected_before_buffering) ... ok
test_offrank_shapes_scales_and_partition_boundaries_fail_closed (test_tp2.TP2Tests.test_offrank_shapes_scales_and_partition_boundaries_fail_closed) ... ok
test_pending_offrank_has_no_payload_and_local_budget_fails_closed (test_tp2.TP2Tests.test_pending_offrank_has_no_payload_and_local_budget_fails_closed) ... ok
test_synthetic_metadata_both_ranks_without_payload_allocation (test_tp2.TP2Tests.test_synthetic_metadata_both_ranks_without_payload_allocation) ... ok
test_trailing_newline_shards_rejected_before_local_or_offrank_loading (test_tp2.TP2Tests.test_trailing_newline_shards_rejected_before_local_or_offrank_loading) ... ok
test_normal_and_prefetch_reduce_exactly_once_or_reject_scattered (test_tp2_collectives.CollectiveSeamTests.test_normal_and_prefetch_reduce_exactly_once_or_reject_scattered) ... ok
test_fc1_padding_preserves_weights_scales_and_slices_before_bias (test_vision_cpu.VisionTests.test_fc1_padding_preserves_weights_scales_and_slices_before_bias) ... ok
test_fc1_rejects_wrong_group_layout (test_vision_cpu.VisionTests.test_fc1_rejects_wrong_group_layout) ... ok
test_fc2_rejects_unproven_output_padding (test_vision_cpu.VisionTests.test_fc2_rejects_unproven_output_padding) ... ok
test_fc2_restores_logical_order_and_handles_no_bias (test_vision_cpu.VisionTests.test_fc2_restores_logical_order_and_handles_no_bias) ... ok

----------------------------------------------------------------------
Ran 37 tests in 4.813s

OK
..
----------------------------------------------------------------------
Ran 2 tests in 0.210s

OK
